NOTE: Picked up JDK_JAVA_OPTIONS: -XX:+UnlockExperimentalVMOptions -XX:+EnableJVMCI --add-modules=jdk.graal.compiler
NOTE: Picked up JDK_JAVA_OPTIONS: -XX:+UnlockExperimentalVMOptions -XX:+EnableJVMCI --add-modules=jdk.graal.compiler
Exception in thread "main" java.lang.InternalError: Cannot find package containing Truffle runtime in jdk.graal.compiler module (names searched: jdk.graal.compiler.truffle.hotspot, org.graalvm.compiler.truffle.compiler.hotspot)
	at org.graalvm.truffle.runtime/com.oracle.truffle.runtime.hotspot.HotSpotTruffleRuntimeAccess.getTruffleGraalHotSpotPackage(HotSpotTruffleRuntimeAccess.java:337)
	at org.graalvm.truffle.runtime/com.oracle.truffle.runtime.hotspot.HotSpotTruffleRuntimeAccess.createRuntime(HotSpotTruffleRuntimeAccess.java:203)
	at org.graalvm.truffle.runtime/com.oracle.truffle.runtime.hotspot.HotSpotTruffleRuntimeAccess.getRuntime(HotSpotTruffleRuntimeAccess.java:69)
	at org.graalvm.truffle/com.oracle.truffle.api.Truffle.createRuntime(Truffle.java:158)
	at org.graalvm.truffle/com.oracle.truffle.api.Truffle$1.run(Truffle.java:189)
	at org.graalvm.truffle/com.oracle.truffle.api.Truffle$1.run(Truffle.java:187)
	at java.base/java.security.AccessController.doPrivileged(AccessController.java:74)
	at org.graalvm.truffle/com.oracle.truffle.api.Truffle.initRuntime(Truffle.java:187)
	at org.graalvm.truffle/com.oracle.truffle.api.Truffle.<clinit>(Truffle.java:64)
	at org.graalvm.truffle/com.oracle.truffle.api.impl.Accessor.getTVMCI(Accessor.java:1836)
	at org.graalvm.truffle/com.oracle.truffle.api.impl.Accessor$Constants.<clinit>(Accessor.java:1679)
	at org.graalvm.truffle/com.oracle.truffle.api.impl.Accessor.interopSupport(Accessor.java:1761)
	at org.graalvm.truffle/com.oracle.truffle.api.nodes.NodeAccessor.<clinit>(NodeAccessor.java:61)
	at org.graalvm.truffle/com.oracle.truffle.api.nodes.ExecutableNode.<init>(ExecutableNode.java:82)
	at org.graalvm.truffle/com.oracle.truffle.api.nodes.RootNode.<init>(RootNode.java:169)
	at org.graalvm.truffle/com.oracle.truffle.api.nodes.RootNode.<init>(RootNode.java:154)
	at org.graalvm.truffle/com.oracle.truffle.api.nodes.RootNode$Constant.<init>(RootNode.java:835)
	at org.graalvm.truffle/com.oracle.truffle.api.nodes.RootNode.createConstantNode(RootNode.java:741)
	at check.TruffleCheck.main(TruffleCheck.java:18)
