Downloading ANTLR4 from ['file:///usr/share/java/antlr4/antlr4-runtime.jar']
Compiling com.oracle.truffle.dsl.processor with javac(JDK 25)...
Note: /home/w0fv1/graal-source-candidate/oracle-graal-d9de820/truffle/src/com.oracle.truffle.dsl.processor/src/com/oracle/truffle/dsl/processor/bytecode/generator/BytecodeNodeElement.java uses or overrides a deprecated API that is marked for removal.
Note: Recompile with -Xlint:removal for details.
Archiving TRUFFLE_DSL_PROCESSOR...
Compiling com.oracle.truffle.api.jdk21 with javac(JDK 25)...
Compiling com.oracle.truffle.api.jdk9 with javac(JDK 25)...
Compiling org.graalvm.word with javac(JDK 25)...
Archiving WORD...
Building Java module org.graalvm.word (word.jar) from WORD
Compiling org.graalvm.nativeimage with javac(JDK 25)...
Compiling com.oracle.svm.core.annotate with javac(JDK 25)...
Archiving NATIVEIMAGE...
Building Java module org.graalvm.nativeimage (nativeimage.jar) from NATIVEIMAGE
Compiling org.graalvm.options with javac(JDK 25)...
Compiling org.graalvm.collections with javac(JDK 25)...
Compiling org.graalvm.home with javac(JDK 25)...
Compiling org.graalvm.polyglot with javac(JDK 25)...
Note: /home/w0fv1/graal-source-candidate/oracle-graal-d9de820/sdk/src/org.graalvm.polyglot/src/org/graalvm/polyglot/Engine.java uses or overrides a deprecated API that is marked for removal.
Note: Recompile with -Xlint:removal for details.
Archiving VERSION...
Archiving POLYGLOT_VERSION...
Archiving COLLECTIONS...
Building Java module org.graalvm.collections (collections.jar) from COLLECTIONS
Archiving POLYGLOT...
Building Java module org.graalvm.polyglot (polyglot.jar) from POLYGLOT
Compiling com.oracle.truffle.api with javac(JDK 25)...
Note: Some input files use or override a deprecated API that is marked for removal.
Note: Recompile with -Xlint:removal for details.
Compiling com.oracle.truffle.api.dsl with javac(JDK 25)...
Note: /home/w0fv1/graal-source-candidate/oracle-graal-d9de820/truffle/src/com.oracle.truffle.api.dsl/src/com/oracle/truffle/api/dsl/InlineSupport.java uses or overrides a deprecated API that is marked for removal.
Note: Recompile with -Xlint:removal for details.
Compiling com.oracle.truffle.api.profiles with javac(JDK 25)...
Compiling com.oracle.truffle.api.utilities with javac(JDK 25)...
Compiling com.oracle.truffle.api.library with javac(JDK 25)...
Compiling com.oracle.truffle.api.strings with javac(JDK 25)...
Note: Some input files use or override a deprecated API that is marked for removal.
Note: Recompile with -Xlint:removal for details.
Compiling com.oracle.truffle.api.interop with javac(JDK 25)...
Compiling com.oracle.truffle.api.exception with javac(JDK 25)...
Compiling com.oracle.truffle.api.instrumentation with javac(JDK 25)...
Note: Some input files use or override a deprecated API that is marked for removal.
Note: Recompile with -Xlint:removal for details.
Compiling com.oracle.truffle.api.bytecode with javac(JDK 25)...
Note: /home/w0fv1/graal-source-candidate/oracle-graal-d9de820/truffle/src/com.oracle.truffle.api.bytecode/src/com/oracle/truffle/api/bytecode/BytecodeDSLUncheckedAccess.java uses or overrides a deprecated API that is marked for removal.
Note: Recompile with -Xlint:removal for details.
Compiling org.graalvm.nativebridge.processor with javac(JDK 25)...
Archiving NATIVEBRIDGE_PROCESSOR...
Compiling org.graalvm.jniutils with javac(JDK 25)...
Note: /home/w0fv1/graal-source-candidate/oracle-graal-d9de820/sdk/src/org.graalvm.jniutils/src/org/graalvm/jniutils/JNIExceptionWrapper.java uses or overrides a deprecated API that is marked for removal.
Note: Recompile with -Xlint:removal for details.
Archiving JNIUTILS...
Building Java module org.graalvm.jniutils (jniutils.jar) from JNIUTILS
Compiling org.graalvm.nativebridge with javac(JDK 25)...
Note: /home/w0fv1/graal-source-candidate/oracle-graal-d9de820/sdk/src/org.graalvm.nativebridge/src/org/graalvm/nativebridge/ForeignException.java uses or overrides a deprecated API that is marked for removal.
Note: Recompile with -Xlint:removal for details.
Archiving NATIVEBRIDGE...
Building Java module org.graalvm.nativebridge (nativebridge.jar) from NATIVEBRIDGE
Downloading ASM_9.8 from ['file:///usr/share/java/objectweb-asm/asm.jar']
Downloading ASM_TREE_9.8 from ['file:///usr/share/java/objectweb-asm/asm-tree.jar']
Downloading ASM_COMMONS_9.8 from ['file:///usr/share/java/objectweb-asm/asm-commons.jar']
Compiling com.oracle.truffle.polyglot with javac(JDK 25)...
Note: Some input files use or override a deprecated API that is marked for removal.
Note: Recompile with -Xlint:removal for details.
Compiling com.oracle.truffle.api.debug with javac(JDK 25)...
Note: Some input files use or override a deprecated API that is marked for removal.
Note: Recompile with -Xlint:removal for details.
Compiling com.oracle.truffle.object with javac(JDK 25)...
Compiling com.oracle.truffle.api.object with javac(JDK 25)...
Note: Some input files use or override a deprecated API that is marked for removal.
Note: Recompile with -Xlint:removal for details.
Compiling com.oracle.truffle.host with javac(JDK 25)...
Note: Some input files use or override a deprecated API that is marked for removal.
Note: Recompile with -Xlint:removal for details.
Compiling com.oracle.truffle.api.staticobject with javac(JDK 25)...
Note: Some input files use or override a deprecated API that is marked for removal.
Note: Recompile with -Xlint:removal for details.
Compiling com.oracle.truffle.sandbox with javac(JDK 25)...
Archiving TRUFFLE_API_VERSION...
Generating com.oracle.gcc.ninja.toolchain...
Archiving GCC_NINJA_TOOLCHAIN...
Archiving DEFAULT_NINJA_TOOLCHAIN...
Building com.oracle.truffle.attach_linux-amd64-glibc with Ninja...
[1/2] CC src/truffle_attach.o

[2/2] LINK libtruffleattach.so

Archiving TRUFFLE_ATTACH_RESOURCES...
Archiving TRUFFLE_API...
Building Java module org.graalvm.truffle (truffle-api.jar) from TRUFFLE_API
Compiling com.oracle.truffle.compiler with javac(JDK 25)...
Archiving TRUFFLE_COMPILER...
Building Java module org.graalvm.truffle.compiler (truffle-compiler.jar) from TRUFFLE_COMPILER
Compiling com.oracle.truffle.runtime with javac(JDK 25)...
Note: Some input files use or override a deprecated API that is marked for removal.
Note: Recompile with -Xlint:removal for details.
Archiving TRUFFLE_RUNTIME...
Building Java module org.graalvm.truffle.runtime (truffle-runtime.jar) from TRUFFLE_RUNTIME
mx build log written to /home/w0fv1/graal-source-candidate/oracle-graal-d9de820/truffle/mxbuild/buildlog-20260915-114433.html
