FOUND	org.graalvm.truffle:truffle-api	graalvm-truffle-25.1.3-1.fc46.x86_64
FOUND	org.graalvm.truffle:truffle-runtime	graalvm-truffle-25.1.3-1.fc46.x86_64
FOUND	org.graalvm.truffle:truffle-dsl-processor	graalvm-truffle-25.1.3-1.fc46.x86_64
FOUND	org.graalvm.polyglot:polyglot	graalvm-sdk-25.1.3-1.fc46.noarch
FOUND	org.graalvm.sdk:nativeimage	graalvm-sdk-25.1.3-1.fc46.noarch
FOUND	org.eclipse.lsp4j:org.eclipse.lsp4j	lsp4j-1.0.0-1.fc46.noarch
FOUND	org.eclipse.lsp4j:org.eclipse.lsp4j.jsonrpc	lsp4j-1.0.0-1.fc46.noarch
FOUND	com.google.code.gson:gson	google-gson-2.12.1-6.fc44.noarch
FOUND	com.fasterxml.jackson.core:jackson-core	jackson-core-2.18.2-6.fc44.noarchjackson-core-2.21.5-3.fc46.noarch
FOUND	com.fasterxml.jackson.dataformat:jackson-dataformat-yaml	jackson-dataformat-yaml-2.21.5-1.fc46.noarch
FOUND	com.fasterxml.woodstox:woodstox-core	woodstox-core-7.1.0-9.fc44.noarch
FOUND	org.commonmark:commonmark	commonmark-java-0.29.0-1.fc46.noarch
FOUND	org.apache.maven.resolver:maven-resolver-supplier-mvn3	maven-resolver-2.0.21-1.fc46.noarch
FOUND	org.ow2.asm:asm	objectweb-asm-9.7.1-15.fc44.noarch
FOUND	commons-codec:commons-codec	apache-commons-codec-1.19.0-3.fc44.noarch
FOUND	org.apache.commons:commons-compress	apache-commons-compress-1.28.0-3.fc44.noarch
FOUND	org.slf4j:jcl-over-slf4j	jcl-over-slf4j-1.7.36-19.fc44.noarch
FOUND	org.slf4j:slf4j-simple	slf4j-1.7.36-19.fc44.noarch
FOUND	org.junit.platform:junit-platform-launcher	junit5-5.13.3-5.fc44.noarch
FOUND	org.junit.jupiter:junit-jupiter-engine	junit5-5.13.3-5.fc44.noarch
FOUND	org.objenesis:objenesis	objenesis-3.5-2.fc44.noarch
FOUND	com.esotericsoftware:kryo	kryo5-5.6.2-1.fc46.noarch
FOUND	org.graalvm.buildtools:graalvm-reachability-metadata	graalvm-native-build-tools-1.1.12-1.fc46.noarch
FOUND	org.graalvm.buildtools:utils	graalvm-native-build-tools-1.1.12-1.fc46.noarch
FOUND	org.jspecify:jspecify	jspecify-1.0.0-1.fc46.noarch
MISSING	com.tngtech.archunit:archunit
FOUND	org.java-websocket:Java-WebSocket	Java-WebSocket-1.6.0-7.fc44.noarch
