Mock Version: 6.8
Using nspawn with args ['--capability=cap_ipc_lock', '--hostname=localhost', '--bind=/dev/btrfs-control', '--bind=/dev/mapper/control', '--bind=/dev/fuse', '--bind=/dev/loop-control', '--bind=/dev/loop0', '--bind=/dev/loop1', '--bind=/dev/loop2', '--bind=/dev/loop3', '--bind=/dev/loop4', '--bind=/dev/loop5', '--bind=/dev/loop6', '--bind=/dev/loop7', '--bind=/dev/loop8', '--bind=/dev/loop9', '--bind=/dev/loop10', '--bind=/dev/loop11', '--resolv-conf=off']
Executing command: ['/usr/bin/systemd-nspawn', '-q', '-M', '84800a65d36147b49efebd8c8512ed4d', '-D', '/var/lib/mock/fedora-rawhide-x86_64/root', '-a', '-u', 'mockbuild', '--capability=cap_ipc_lock', '--hostname=localhost', '--bind=/dev/btrfs-control', '--bind=/dev/mapper/control', '--bind=/dev/fuse', '--bind=/dev/loop-control', '--bind=/dev/loop0', '--bind=/dev/loop1', '--bind=/dev/loop2', '--bind=/dev/loop3', '--bind=/dev/loop4', '--bind=/dev/loop5', '--bind=/dev/loop6', '--bind=/dev/loop7', '--bind=/dev/loop8', '--bind=/dev/loop9', '--bind=/dev/loop10', '--bind=/dev/loop11', '--resolv-conf=off', '--console=pipe', '--setenv=TERM=vt100', '--setenv=SHELL=/bin/bash', '--setenv=HOME=/builddir', '--setenv=HOSTNAME=mock', '--setenv=PATH=/usr/bin:/bin:/usr/sbin:/sbin', '--setenv=PROMPT_COMMAND=printf "\\033]0;<mock-chroot>\\007"', '--setenv=PS1=<mock-chroot> \\s-\\v\\$ ', '--setenv=LANG=C.UTF-8', 'bash', '--login', '-c', '/usr/bin/rpmbuild -bs --target x86_64 --nodeps /builddir/build/SPECS/graalvm-native-build-tools.spec'] with env {'TERM': 'vt100', 'SHELL': '/bin/bash', 'HOME': '/builddir', 'HOSTNAME': 'mock', 'PATH': '/usr/bin:/bin:/usr/sbin:/sbin', 'PROMPT_COMMAND': 'printf "\\033]0;<mock-chroot>\\007"', 'PS1': '<mock-chroot> \\s-\\v\\$ ', 'LANG': 'C.UTF-8', 'SYSTEMD_NSPAWN_TMPFS_TMP': '0', 'SYSTEMD_SECCOMP': '0'} and shell False
Building target platforms: x86_64
Building for target x86_64
setting SOURCE_DATE_EPOCH=1790035200
Wrote: /builddir/build/SRPMS/graalvm-native-build-tools-1.1.12-1.fc46.src.rpm
Child return code was: 0
Using nspawn with args ['--capability=cap_ipc_lock', '--hostname=localhost', '--bind=/dev/btrfs-control', '--bind=/dev/mapper/control', '--bind=/dev/fuse', '--bind=/dev/loop-control', '--bind=/dev/loop0', '--bind=/dev/loop1', '--bind=/dev/loop2', '--bind=/dev/loop3', '--bind=/dev/loop4', '--bind=/dev/loop5', '--bind=/dev/loop6', '--bind=/dev/loop7', '--bind=/dev/loop8', '--bind=/dev/loop9', '--bind=/dev/loop10', '--bind=/dev/loop11', '--resolv-conf=off']
Executing command: ['/usr/bin/systemd-nspawn', '-q', '-M', 'fb4c5eb8da1846ecb142e1594aedd1f2', '-D', '/var/lib/mock/fedora-rawhide-x86_64/root', '-a', '-u', 'mockbuild', '--capability=cap_ipc_lock', '--hostname=localhost', '--bind=/dev/btrfs-control', '--bind=/dev/mapper/control', '--bind=/dev/fuse', '--bind=/dev/loop-control', '--bind=/dev/loop0', '--bind=/dev/loop1', '--bind=/dev/loop2', '--bind=/dev/loop3', '--bind=/dev/loop4', '--bind=/dev/loop5', '--bind=/dev/loop6', '--bind=/dev/loop7', '--bind=/dev/loop8', '--bind=/dev/loop9', '--bind=/dev/loop10', '--bind=/dev/loop11', '--resolv-conf=off', '--console=pipe', '--setenv=TERM=vt100', '--setenv=SHELL=/bin/bash', '--setenv=HOME=/builddir', '--setenv=HOSTNAME=mock', '--setenv=PATH=/usr/bin:/bin:/usr/sbin:/sbin', '--setenv=PROMPT_COMMAND=printf "\\033]0;<mock-chroot>\\007"', '--setenv=PS1=<mock-chroot> \\s-\\v\\$ ', '--setenv=LANG=C.UTF-8', 'bash', '--login', '-c', '/usr/bin/rpmbuild -bs --target x86_64 --nodeps /builddir/build/SPECS/graalvm-native-build-tools.spec'] with env {'TERM': 'vt100', 'SHELL': '/bin/bash', 'HOME': '/builddir', 'HOSTNAME': 'mock', 'PATH': '/usr/bin:/bin:/usr/sbin:/sbin', 'PROMPT_COMMAND': 'printf "\\033]0;<mock-chroot>\\007"', 'PS1': '<mock-chroot> \\s-\\v\\$ ', 'LANG': 'C.UTF-8', 'SYSTEMD_NSPAWN_TMPFS_TMP': '0', 'SYSTEMD_SECCOMP': '0'} and shell False
Building target platforms: x86_64
Building for target x86_64
setting SOURCE_DATE_EPOCH=1790035200
Wrote: /builddir/build/SRPMS/graalvm-native-build-tools-1.1.12-1.fc46.src.rpm
Child return code was: 0
Using nspawn with args ['--capability=cap_ipc_lock', '--hostname=localhost', '--bind=/dev/btrfs-control', '--bind=/dev/mapper/control', '--bind=/dev/fuse', '--bind=/dev/loop-control', '--bind=/dev/loop0', '--bind=/dev/loop1', '--bind=/dev/loop2', '--bind=/dev/loop3', '--bind=/dev/loop4', '--bind=/dev/loop5', '--bind=/dev/loop6', '--bind=/dev/loop7', '--bind=/dev/loop8', '--bind=/dev/loop9', '--bind=/dev/loop10', '--bind=/dev/loop11', '--resolv-conf=off']
Executing command: ['/usr/bin/systemd-nspawn', '-q', '-M', '73332a5e74f1460aa2f9a12246e6c794', '-D', '/var/lib/mock/fedora-rawhide-x86_64/root', '-a', '-u', 'mockbuild', '--capability=cap_ipc_lock', '--hostname=localhost', '--bind=/dev/btrfs-control', '--bind=/dev/mapper/control', '--bind=/dev/fuse', '--bind=/dev/loop-control', '--bind=/dev/loop0', '--bind=/dev/loop1', '--bind=/dev/loop2', '--bind=/dev/loop3', '--bind=/dev/loop4', '--bind=/dev/loop5', '--bind=/dev/loop6', '--bind=/dev/loop7', '--bind=/dev/loop8', '--bind=/dev/loop9', '--bind=/dev/loop10', '--bind=/dev/loop11', '--resolv-conf=off', '--console=pipe', '--setenv=TERM=vt100', '--setenv=SHELL=/bin/bash', '--setenv=HOME=/builddir', '--setenv=HOSTNAME=mock', '--setenv=PATH=/usr/bin:/bin:/usr/sbin:/sbin', '--setenv=PROMPT_COMMAND=printf "\\033]0;<mock-chroot>\\007"', '--setenv=PS1=<mock-chroot> \\s-\\v\\$ ', '--setenv=LANG=C.UTF-8', 'bash', '--login', '-c', '/usr/bin/rpmbuild -bb --target x86_64 --nodeps /builddir/build/SPECS/graalvm-native-build-tools.spec'] with env {'TERM': 'vt100', 'SHELL': '/bin/bash', 'HOME': '/builddir', 'HOSTNAME': 'mock', 'PATH': '/usr/bin:/bin:/usr/sbin:/sbin', 'PROMPT_COMMAND': 'printf "\\033]0;<mock-chroot>\\007"', 'PS1': '<mock-chroot> \\s-\\v\\$ ', 'LANG': 'C.UTF-8', 'SYSTEMD_NSPAWN_TMPFS_TMP': '0', 'SYSTEMD_SECCOMP': '0'} and shell False
Building target platforms: x86_64
Building for target x86_64
setting SOURCE_DATE_EPOCH=1790035200
Executing(mkbuilddir): /bin/sh -e /var/tmp/rpm-tmp.RK2LBz
Creating(rpmbuild.env): /builddir/build/BUILD/graalvm-native-build-tools-1.1.12-build/rpmbuild.env
  RPM_SOURCE_DIR="/builddir/build/SOURCES"
  RPM_BUILD_DIR="/builddir/build/BUILD/graalvm-native-build-tools-1.1.12-build"
  RPM_OPT_FLAGS="-O2 -flto=auto -ffat-lto-objects -fexceptions -g -grecord-gcc-switches -pipe -Wall -Wno-complain-wrong-lang -Werror=format-security -Wp,-U_FORTIFY_SOURCE,-D_FORTIFY_SOURCE=3 -Wp,-D_GLIBCXX_ASSERTIONS -specs=/usr/lib/rpm/redhat/redhat-hardened-cc1 -fstack-protector-strong -specs=/usr/lib/rpm/redhat/redhat-annobin-cc1  -m64 -march=x86-64 -mtune=generic -fasynchronous-unwind-tables -fstack-clash-protection -fcf-protection -mtls-dialect=gnu2 -fno-omit-frame-pointer -mno-omit-leaf-frame-pointer"
  RPM_LD_FLAGS="-Wl,-z,relro -Wl,--as-needed  -Wl,-z,pack-relative-relocs -Wl,-z,now -specs=/usr/lib/rpm/redhat/redhat-hardened-ld -specs=/usr/lib/rpm/redhat/redhat-hardened-ld-errors -specs=/usr/lib/rpm/redhat/redhat-annobin-cc1  -Wl,--build-id=sha1 -specs=/usr/lib/rpm/redhat/redhat-package-notes  "
  RPM_ARCH="x86_64"
  RPM_OS="linux"
  RPM_BUILD_NCPUS="1"
  RPM_SPECPARTS_DIR="/builddir/build/BUILD/graalvm-native-build-tools-1.1.12-build/SPECPARTS"
  export RPM_SOURCE_DIR RPM_BUILD_DIR RPM_OPT_FLAGS RPM_ARCH RPM_OS RPM_BUILD_NCPUS RPM_SPECPARTS_DIR RPM_LD_FLAGS
  RPM_DOC_DIR="/usr/share/doc"
  export RPM_DOC_DIR
  RPM_PACKAGE_NAME="graalvm-native-build-tools"
  RPM_PACKAGE_VERSION="1.1.12"
  RPM_PACKAGE_RELEASE="1.fc46"
  export RPM_PACKAGE_NAME RPM_PACKAGE_VERSION RPM_PACKAGE_RELEASE
  LANG=C.UTF-8
  export LANG
  unset CDPATH DISPLAY ||:
  unset DEBUGINFOD_URLS ||:
  unset RPM_CONFIG_DIR ||:
  RPM_BUILD_ROOT="/builddir/build/BUILD/graalvm-native-build-tools-1.1.12-build/BUILDROOT"
  export RPM_BUILD_ROOT

  PKG_CONFIG_PATH="${PKG_CONFIG_PATH}:/usr/lib64/pkgconfig:/usr/share/pkgconfig"
  export PKG_CONFIG_PATH
  CONFIG_SITE=${CONFIG_SITE:-NONE}
  export CONFIG_SITE
Executing(%prep): /bin/sh -e /var/tmp/rpm-tmp.Xccw1K
+ umask 022
+ cd /builddir/build/BUILD/graalvm-native-build-tools-1.1.12-build
+ cd /builddir/build/BUILD/graalvm-native-build-tools-1.1.12-build
+ rm -rf native-build-tools-b043a90d792645869b7fc4dfc60e67fac38347a0
+ /usr/bin/rpmuncompress -x /builddir/build/SOURCES/native-build-tools-b043a90d792645869b7fc4dfc60e67fac38347a0.tar.gz
+ STATUS=0
+ '[' 0 -ne 0 ']'
+ cd native-build-tools-b043a90d792645869b7fc4dfc60e67fac38347a0
+ /usr/bin/chmod -Rf a+rX,u+w,g-w,o-w .
+ /usr/bin/rpmuncompress /builddir/build/SOURCES/relax-backoff-timing-test.patch
+ /usr/bin/patch -p1 -s --fuzz=0 --no-backup-if-mismatch -f
+ RPM_EC=0
++ jobs -p
+ exit 0
Executing(%build): /bin/sh -e /var/tmp/rpm-tmp.br4N2s
+ umask 022
+ cd /builddir/build/BUILD/graalvm-native-build-tools-1.1.12-build
+ CFLAGS='-O2 -flto=auto -ffat-lto-objects -fexceptions -g -grecord-gcc-switches -pipe -Wall -Werror=format-security -Wp,-U_FORTIFY_SOURCE,-D_FORTIFY_SOURCE=3 -Wp,-D_GLIBCXX_ASSERTIONS -specs=/usr/lib/rpm/redhat/redhat-hardened-cc1 -fstack-protector-strong -specs=/usr/lib/rpm/redhat/redhat-annobin-cc1  -m64 -march=x86-64 -mtune=generic -fasynchronous-unwind-tables -fstack-clash-protection -fcf-protection -mtls-dialect=gnu2 -fno-omit-frame-pointer -mno-omit-leaf-frame-pointer  '
+ export CFLAGS
+ CXXFLAGS='-O2 -flto=auto -ffat-lto-objects -fexceptions -g -grecord-gcc-switches -pipe -Wall -Werror=format-security -Wp,-U_FORTIFY_SOURCE,-D_FORTIFY_SOURCE=3 -Wp,-D_GLIBCXX_ASSERTIONS -specs=/usr/lib/rpm/redhat/redhat-hardened-cc1 -fstack-protector-strong -specs=/usr/lib/rpm/redhat/redhat-annobin-cc1  -m64 -march=x86-64 -mtune=generic -fasynchronous-unwind-tables -fstack-clash-protection -fcf-protection -mtls-dialect=gnu2 -fno-omit-frame-pointer -mno-omit-leaf-frame-pointer  '
+ export CXXFLAGS
+ FFLAGS='-O2 -flto=auto -ffat-lto-objects -fexceptions -g -grecord-gcc-switches -pipe -Wall -Wp,-U_FORTIFY_SOURCE,-D_FORTIFY_SOURCE=3 -Wp,-D_GLIBCXX_ASSERTIONS -specs=/usr/lib/rpm/redhat/redhat-hardened-cc1 -fstack-protector-strong -specs=/usr/lib/rpm/redhat/redhat-annobin-cc1  -m64 -march=x86-64 -mtune=generic -fasynchronous-unwind-tables -fstack-clash-protection -fcf-protection -mtls-dialect=gnu2 -fno-omit-frame-pointer -mno-omit-leaf-frame-pointer -I/usr/lib64/gfortran/modules  '
+ export FFLAGS
+ FCFLAGS='-O2 -flto=auto -ffat-lto-objects -fexceptions -g -grecord-gcc-switches -pipe -Wall -Wp,-U_FORTIFY_SOURCE,-D_FORTIFY_SOURCE=3 -Wp,-D_GLIBCXX_ASSERTIONS -specs=/usr/lib/rpm/redhat/redhat-hardened-cc1 -fstack-protector-strong -specs=/usr/lib/rpm/redhat/redhat-annobin-cc1  -m64 -march=x86-64 -mtune=generic -fasynchronous-unwind-tables -fstack-clash-protection -fcf-protection -mtls-dialect=gnu2 -fno-omit-frame-pointer -mno-omit-leaf-frame-pointer -I/usr/lib64/gfortran/modules  '
+ export FCFLAGS
+ VALAFLAGS=-g
+ export VALAFLAGS
+ RUSTFLAGS='-Copt-level=3 -Cdebuginfo=2 -Ccodegen-units=1 -Cstrip=none -Cforce-frame-pointers=yes -Clink-arg=-specs=/usr/lib/rpm/redhat/redhat-package-notes --cap-lints=warn'
+ export RUSTFLAGS
+ LDFLAGS='-Wl,-z,relro -Wl,--as-needed  -Wl,-z,pack-relative-relocs -Wl,-z,now -specs=/usr/lib/rpm/redhat/redhat-hardened-ld -specs=/usr/lib/rpm/redhat/redhat-hardened-ld-errors -specs=/usr/lib/rpm/redhat/redhat-annobin-cc1  -Wl,--build-id=sha1 -specs=/usr/lib/rpm/redhat/redhat-package-notes  '
+ export LDFLAGS
+ LT_SYS_LIBRARY_PATH=/usr/lib64:
+ export LT_SYS_LIBRARY_PATH
+ CC=gcc
+ export CC
+ CXX=g++
+ export CXX
+ cd native-build-tools-b043a90d792645869b7fc4dfc60e67fac38347a0
+ bash /builddir/build/SOURCES/build.sh /builddir/build/BUILD/graalvm-native-build-tools-1.1.12-build/native-build-tools-b043a90d792645869b7fc4dfc60e67fac38347a0 build /usr/share/java/openjson/openjson.jar 1.1.12 1.0.13
+ RPM_EC=0
++ jobs -p
+ exit 0
Executing(%install): /bin/sh -e /var/tmp/rpm-tmp.UiStYx
+ umask 022
+ cd /builddir/build/BUILD/graalvm-native-build-tools-1.1.12-build
+ '[' /builddir/build/BUILD/graalvm-native-build-tools-1.1.12-build/BUILDROOT '!=' / ']'
+ rm -rf /builddir/build/BUILD/graalvm-native-build-tools-1.1.12-build/BUILDROOT
++ dirname /builddir/build/BUILD/graalvm-native-build-tools-1.1.12-build/BUILDROOT
+ mkdir -p /builddir/build/BUILD/graalvm-native-build-tools-1.1.12-build
+ mkdir /builddir/build/BUILD/graalvm-native-build-tools-1.1.12-build/BUILDROOT
+ CFLAGS='-O2 -flto=auto -ffat-lto-objects -fexceptions -g -grecord-gcc-switches -pipe -Wall -Werror=format-security -Wp,-U_FORTIFY_SOURCE,-D_FORTIFY_SOURCE=3 -Wp,-D_GLIBCXX_ASSERTIONS -specs=/usr/lib/rpm/redhat/redhat-hardened-cc1 -fstack-protector-strong -specs=/usr/lib/rpm/redhat/redhat-annobin-cc1  -m64 -march=x86-64 -mtune=generic -fasynchronous-unwind-tables -fstack-clash-protection -fcf-protection -mtls-dialect=gnu2 -fno-omit-frame-pointer -mno-omit-leaf-frame-pointer  '
+ export CFLAGS
+ CXXFLAGS='-O2 -flto=auto -ffat-lto-objects -fexceptions -g -grecord-gcc-switches -pipe -Wall -Werror=format-security -Wp,-U_FORTIFY_SOURCE,-D_FORTIFY_SOURCE=3 -Wp,-D_GLIBCXX_ASSERTIONS -specs=/usr/lib/rpm/redhat/redhat-hardened-cc1 -fstack-protector-strong -specs=/usr/lib/rpm/redhat/redhat-annobin-cc1  -m64 -march=x86-64 -mtune=generic -fasynchronous-unwind-tables -fstack-clash-protection -fcf-protection -mtls-dialect=gnu2 -fno-omit-frame-pointer -mno-omit-leaf-frame-pointer  '
+ export CXXFLAGS
+ FFLAGS='-O2 -flto=auto -ffat-lto-objects -fexceptions -g -grecord-gcc-switches -pipe -Wall -Wp,-U_FORTIFY_SOURCE,-D_FORTIFY_SOURCE=3 -Wp,-D_GLIBCXX_ASSERTIONS -specs=/usr/lib/rpm/redhat/redhat-hardened-cc1 -fstack-protector-strong -specs=/usr/lib/rpm/redhat/redhat-annobin-cc1  -m64 -march=x86-64 -mtune=generic -fasynchronous-unwind-tables -fstack-clash-protection -fcf-protection -mtls-dialect=gnu2 -fno-omit-frame-pointer -mno-omit-leaf-frame-pointer -I/usr/lib64/gfortran/modules  '
+ export FFLAGS
+ FCFLAGS='-O2 -flto=auto -ffat-lto-objects -fexceptions -g -grecord-gcc-switches -pipe -Wall -Wp,-U_FORTIFY_SOURCE,-D_FORTIFY_SOURCE=3 -Wp,-D_GLIBCXX_ASSERTIONS -specs=/usr/lib/rpm/redhat/redhat-hardened-cc1 -fstack-protector-strong -specs=/usr/lib/rpm/redhat/redhat-annobin-cc1  -m64 -march=x86-64 -mtune=generic -fasynchronous-unwind-tables -fstack-clash-protection -fcf-protection -mtls-dialect=gnu2 -fno-omit-frame-pointer -mno-omit-leaf-frame-pointer -I/usr/lib64/gfortran/modules  '
+ export FCFLAGS
+ VALAFLAGS=-g
+ export VALAFLAGS
+ RUSTFLAGS='-Copt-level=3 -Cdebuginfo=2 -Ccodegen-units=1 -Cstrip=none -Cforce-frame-pointers=yes -Clink-arg=-specs=/usr/lib/rpm/redhat/redhat-package-notes --cap-lints=warn'
+ export RUSTFLAGS
+ LDFLAGS='-Wl,-z,relro -Wl,--as-needed  -Wl,-z,pack-relative-relocs -Wl,-z,now -specs=/usr/lib/rpm/redhat/redhat-hardened-ld -specs=/usr/lib/rpm/redhat/redhat-hardened-ld-errors -specs=/usr/lib/rpm/redhat/redhat-annobin-cc1  -Wl,--build-id=sha1 -specs=/usr/lib/rpm/redhat/redhat-package-notes  '
+ export LDFLAGS
+ LT_SYS_LIBRARY_PATH=/usr/lib64:
+ export LT_SYS_LIBRARY_PATH
+ CC=gcc
+ export CC
+ CXX=g++
+ export CXX
+ cd native-build-tools-b043a90d792645869b7fc4dfc60e67fac38347a0
+ /usr/bin/python3 /usr/share/java-utils/mvn_artifact.py /builddir/build/SOURCES/utils-1.1.12.pom build/utils.jar
+ /usr/bin/python3 /usr/share/java-utils/mvn_artifact.py /builddir/build/SOURCES/graalvm-reachability-metadata-1.1.12.pom build/graalvm-reachability-metadata.jar
+ xmvn-install -R .xmvn-reactor -n graalvm-native-build-tools -d /builddir/build/BUILD/graalvm-native-build-tools-1.1.12-build/BUILDROOT
[INFO] Installing artifact org.graalvm.buildtools:utils:pom:1.1.12
[INFO] Installing artifact org.graalvm.buildtools:utils:jar:1.1.12
[INFO] Installing artifact org.graalvm.buildtools:graalvm-reachability-metadata:pom:1.1.12
[INFO] Installing artifact org.graalvm.buildtools:graalvm-reachability-metadata:jar:1.1.12
[INFO] Installation successful
+ jdir=target/site/apidocs
+ '[' -d .xmvn/apidocs ']'
+ /usr/bin/mkdir -p /builddir/build/BUILD/graalvm-native-build-tools-1.1.12-build/BUILDROOT/usr/share/licenses
+ '[' -d target/site/apidocs ']'
+ /usr/lib/rpm/check-buildroot
+ /usr/lib/jvm/java-25-openjdk/bin/java -cp /usr/share/java/xmvn-generator.jar org.fedoraproject.xmvn.generator.callback.CallbackEntry /tmp/xmvngen-3285585393663473870/socket
+ /usr/lib/rpm/redhat/brp-ldconfig
+ COMPRESS='gzip -9 -n'
+ COMPRESS_EXT=.gz
+ /usr/lib/rpm/brp-compress
+ /usr/lib/rpm/brp-strip /usr/bin/strip
+ /usr/lib/rpm/brp-strip-comment-note /usr/bin/strip /usr/bin/objdump
+ /usr/lib/rpm/redhat/brp-strip-lto /usr/bin/strip
+ /usr/lib/rpm/check-rpaths
+ /usr/lib/rpm/redhat/brp-mangle-shebangs
+ /usr/lib/rpm/brp-remove-la-files
+ /usr/lib/rpm/redhat/brp-python-rpm-in-distinfo
+ env /usr/lib/rpm/redhat/brp-python-bytecompile '' 1 0 -j1
+ /usr/lib/rpm/redhat/brp-python-hardlink
+ /usr/bin/add-det --brp -j1 /builddir/build/BUILD/graalvm-native-build-tools-1.1.12-build/BUILDROOT
/builddir/build/BUILD/graalvm-native-build-tools-1.1.12-build/BUILDROOT/usr/share/java/graalvm-native-build-tools/utils.jar: replacing with normalized version
/builddir/build/BUILD/graalvm-native-build-tools-1.1.12-build/BUILDROOT/usr/share/java/graalvm-native-build-tools/graalvm-reachability-metadata.jar: replacing with normalized version
Scanned 9 directories and 5 files,
    processed 2 inodes,
    2 modified (2 replaced + 0 rewritten),
    0 unsupported format, 0 errors
+ /usr/bin/linkdupes --brp /builddir/build/BUILD/graalvm-native-build-tools-1.1.12-build/BUILDROOT/usr
Scanned 8 directories and 5 files,
    considered 5 files, read 0 files, linked 0 files, 0 errors
    sum of sizes of linked files: 0 bytes
Executing(%check): /bin/sh -e /var/tmp/rpm-tmp.iHdne6
+ umask 022
+ cd /builddir/build/BUILD/graalvm-native-build-tools-1.1.12-build
+ CFLAGS='-O2 -flto=auto -ffat-lto-objects -fexceptions -g -grecord-gcc-switches -pipe -Wall -Werror=format-security -Wp,-U_FORTIFY_SOURCE,-D_FORTIFY_SOURCE=3 -Wp,-D_GLIBCXX_ASSERTIONS -specs=/usr/lib/rpm/redhat/redhat-hardened-cc1 -fstack-protector-strong -specs=/usr/lib/rpm/redhat/redhat-annobin-cc1  -m64 -march=x86-64 -mtune=generic -fasynchronous-unwind-tables -fstack-clash-protection -fcf-protection -mtls-dialect=gnu2 -fno-omit-frame-pointer -mno-omit-leaf-frame-pointer  '
+ export CFLAGS
+ CXXFLAGS='-O2 -flto=auto -ffat-lto-objects -fexceptions -g -grecord-gcc-switches -pipe -Wall -Werror=format-security -Wp,-U_FORTIFY_SOURCE,-D_FORTIFY_SOURCE=3 -Wp,-D_GLIBCXX_ASSERTIONS -specs=/usr/lib/rpm/redhat/redhat-hardened-cc1 -fstack-protector-strong -specs=/usr/lib/rpm/redhat/redhat-annobin-cc1  -m64 -march=x86-64 -mtune=generic -fasynchronous-unwind-tables -fstack-clash-protection -fcf-protection -mtls-dialect=gnu2 -fno-omit-frame-pointer -mno-omit-leaf-frame-pointer  '
+ export CXXFLAGS
+ FFLAGS='-O2 -flto=auto -ffat-lto-objects -fexceptions -g -grecord-gcc-switches -pipe -Wall -Wp,-U_FORTIFY_SOURCE,-D_FORTIFY_SOURCE=3 -Wp,-D_GLIBCXX_ASSERTIONS -specs=/usr/lib/rpm/redhat/redhat-hardened-cc1 -fstack-protector-strong -specs=/usr/lib/rpm/redhat/redhat-annobin-cc1  -m64 -march=x86-64 -mtune=generic -fasynchronous-unwind-tables -fstack-clash-protection -fcf-protection -mtls-dialect=gnu2 -fno-omit-frame-pointer -mno-omit-leaf-frame-pointer -I/usr/lib64/gfortran/modules  '
+ export FFLAGS
+ FCFLAGS='-O2 -flto=auto -ffat-lto-objects -fexceptions -g -grecord-gcc-switches -pipe -Wall -Wp,-U_FORTIFY_SOURCE,-D_FORTIFY_SOURCE=3 -Wp,-D_GLIBCXX_ASSERTIONS -specs=/usr/lib/rpm/redhat/redhat-hardened-cc1 -fstack-protector-strong -specs=/usr/lib/rpm/redhat/redhat-annobin-cc1  -m64 -march=x86-64 -mtune=generic -fasynchronous-unwind-tables -fstack-clash-protection -fcf-protection -mtls-dialect=gnu2 -fno-omit-frame-pointer -mno-omit-leaf-frame-pointer -I/usr/lib64/gfortran/modules  '
+ export FCFLAGS
+ VALAFLAGS=-g
+ export VALAFLAGS
+ RUSTFLAGS='-Copt-level=3 -Cdebuginfo=2 -Ccodegen-units=1 -Cstrip=none -Cforce-frame-pointers=yes -Clink-arg=-specs=/usr/lib/rpm/redhat/redhat-package-notes --cap-lints=warn'
+ export RUSTFLAGS
+ LDFLAGS='-Wl,-z,relro -Wl,--as-needed  -Wl,-z,pack-relative-relocs -Wl,-z,now -specs=/usr/lib/rpm/redhat/redhat-hardened-ld -specs=/usr/lib/rpm/redhat/redhat-hardened-ld-errors -specs=/usr/lib/rpm/redhat/redhat-annobin-cc1  -Wl,--build-id=sha1 -specs=/usr/lib/rpm/redhat/redhat-package-notes  '
+ export LDFLAGS
+ LT_SYS_LIBRARY_PATH=/usr/lib64:
+ export LT_SYS_LIBRARY_PATH
+ CC=gcc
+ export CC
+ CXX=g++
+ export CXX
+ cd native-build-tools-b043a90d792645869b7fc4dfc60e67fac38347a0
++ build-classpath junit5 jimfs guava picocli apiguardian opentest4j
+ test_classpath=/usr/share/java/junit5/junit-jupiter-api.jar:/usr/share/java/junit5/junit-jupiter-engine.jar:/usr/share/java/junit5/junit-jupiter-migrationsupport.jar:/usr/share/java/junit5/junit-jupiter-params.jar:/usr/share/java/junit5/junit-jupiter.jar:/usr/share/java/junit5/junit-platform-commons.jar:/usr/share/java/junit5/junit-platform-console.jar:/usr/share/java/junit5/junit-platform-engine.jar:/usr/share/java/junit5/junit-platform-launcher.jar:/usr/share/java/junit5/junit-platform-runner.jar:/usr/share/java/junit5/junit-platform-suite-api.jar:/usr/share/java/junit5/junit-platform-suite-commons.jar:/usr/share/java/junit5/junit-platform-testkit.jar:/usr/share/java/junit5/junit-vintage-engine.jar:/usr/share/java/jimfs/jimfs.jar:/usr/share/java/guava/failureaccess.jar:/usr/share/java/guava/guava.jar:/usr/share/java/picocli/picocli.jar:/usr/share/java/apiguardian/apiguardian-api.jar:/usr/share/java/opentest4j/opentest4j.jar
+ bash /builddir/build/SOURCES/check.sh /builddir/build/BUILD/graalvm-native-build-tools-1.1.12-build/native-build-tools-b043a90d792645869b7fc4dfc60e67fac38347a0 build /usr/share/java/openjson/openjson.jar /usr/share/java/junit5/junit-jupiter-api.jar:/usr/share/java/junit5/junit-jupiter-engine.jar:/usr/share/java/junit5/junit-jupiter-migrationsupport.jar:/usr/share/java/junit5/junit-jupiter-params.jar:/usr/share/java/junit5/junit-jupiter.jar:/usr/share/java/junit5/junit-platform-commons.jar:/usr/share/java/junit5/junit-platform-console.jar:/usr/share/java/junit5/junit-platform-engine.jar:/usr/share/java/junit5/junit-platform-launcher.jar:/usr/share/java/junit5/junit-platform-runner.jar:/usr/share/java/junit5/junit-platform-suite-api.jar:/usr/share/java/junit5/junit-platform-suite-commons.jar:/usr/share/java/junit5/junit-platform-testkit.jar:/usr/share/java/junit5/junit-vintage-engine.jar:/usr/share/java/jimfs/jimfs.jar:/usr/share/java/guava/failureaccess.jar:/usr/share/java/guava/guava.jar:/usr/share/java/picocli/picocli.jar:/usr/share/java/apiguardian/apiguardian-api.jar:/usr/share/java/opentest4j/opentest4j.jar
Thanks for using JUnit! Support its development at https://junit.org/sponsoring
Warning: Your GraalVM installation at /tmp/junit-15069292848024131923/graal-only provides a reachability-metadata schema,
but the configured reachability metadata repository at /tmp/junit-15069292848024131923/repo-no-schema does not.
Please update your reachability metadata repository to a newer version.
╷
└─ JUnit Jupiter ✔
   ├─ ExponentialBackoffTest ✔
   │  ├─ can configure initial backoff time ✔
   │  ├─ retries expected amount of times ✔
   │  │  ├─ [1] 1 ✔
   │  │  └─ [2] 3 ✔
   │  ├─ executed a passing operation ✔
   │  └─ passes after one retry ✔
   │     ├─ [1] 1 ✔
   │     └─ [2] 3 ✔
   ├─ SchemaValidationUtilsTest ✔
   │  ├─ validateSchemas fails when 'schemas' directory is missing ✔
   │  ├─ validateSchemas succeeds when required schemas with exact majors are present ✔
   │  ├─ validateReachabilityMetadataSchema still fails for JDK 21 on macOS x64 ✔
   │  ├─ validateReachabilityMetadataSchema skips when JDK 25 runs on macOS x64 ✔
   │  ├─ validateReachabilityMetadataSchema fails when versions mismatch ✔
   │  ├─ validateSchemas fails when more schema files than supported are present (excludi... ✔
   │  ├─ validateReachabilityMetadataSchema fails when repository provides schema but Gra... ✔
   │  ├─ validateReachabilityMetadataSchema succeeds when versions match ✔
   │  ├─ validateSchemas fails when repository provides an older required major ✔
   │  ├─ validateReachabilityMetadataSchema warns when GraalVM provides schema but reposi... ✔
   │  ├─ validateSchemas fails when repository provides a newer required major ✔
   │  └─ validateReachabilityMetadataSchema does nothing when neither side provides the s... ✔
   ├─ AgentConfigurationTest ✔
   │  ├─ configurationIsSerializable() ✔
   │  ├─ disabledConfigurationReturnsEmptyCommandLine() ✔
   │  ├─ standardConfigurationEmitsDefaultAccessFilterBeforeUserAccessFilters() ✔
   │  └─ directConfigurationEmitsDefaultAccessFilterBeforeModeOptions() ✔
   ├─ MissingMetadataCommandSupportTest ✔
   │  ├─ createIssuesModeSkipsIssueCreationWhenArtifactIsNotAvailableInMavenCentral() ✔
   │  ├─ passesEnterpriseHostToGithubCli() ✔
   │  ├─ detectsCoordinatesInIssueTitleOnly() ✔
   │  ├─ createIssuesModeFailsFastWhenIssueCreationFails() ✔
   │  ├─ mapsPublicGithubApiUrlToGithubDotComHostForGithubCli() ✔
   │  ├─ reusesExistingOpenIssueAndSuppressesDuplicateSearchesByGroupAndArtifact() ✔
   │  ├─ treatsNotForNativeImageIndexEntriesAsSupported() ✔
   │  ├─ explainsHowToProvideGithubTokenForMaven() ✔
   │  ├─ buildsMavenCentralPomUriFromCoordinates() ✔
   │  ├─ explicitGithubTokenWinsOverGithubCliAuthentication() ✔
   │  ├─ forcedConfigVersionIsNotClobberedByLatestFallback() ✔
   │  ├─ reportsSupportedAndMissingDependenciesAndGeneratesPrefilledLinks() ✔
   │  ├─ createsIssuesWithCoordinatesInTitleOnly() ✔
   │  ├─ explainsHowToProvideGithubTokenForGradle() ✔
   │  ├─ reportsLibrariesCoveredInNewerMetadataRepositorySeparatelyAndSkipsIssueCreation(... ✔
   │  ├─ listModeSkipsNewIssueLinkWhenArtifactIsNotAvailableInMavenCentral() ✔
   │  └─ resolvesGithubTokenFromGithubCliWhenNoExplicitTokenIsProvided() ✔
   ├─ NativeImageLayerRuntimeTest ✔
   │  ├─ classifierIncludesOsArchitectureAndNonDefaultLibc() ✔
   │  └─ discoversSharedLibraryAndArchivesThemDeterministically() ✔
   ├─ DirectoryConfigurationTest ✔
   │  ├─ copyWhenHasOverrideGeneratesMetadataRepositoryProperties() ✔
   │  └─ copyCopiesFiles() ✔
   ├─ FileUtilsTest ✔
   │  ├─ It can unzip a file ✔
   │  ├─ It doesn't blow up with connection timeouts ✔
   │  ├─ It doesn't blow up with a URL that isn't a file download ✔
   │  ├─ It is protected against ZIP slip attacks ✔
   │  ├─ It doesn't blow up with a URL that does not exist ✔
   │  ├─ testExtractNonZip(String, Path) ✔
   │  │  ├─ Archives with format tar.gz are not supported ✔
   │  │  └─ Archives with format tar.bz2 are not supported ✔
   │  └─ It can download a file from a URL that exists ✔
   ├─ SingleModuleJsonVersionToConfigDirectoryIndexTest ✔
   │  ├─ checkNotForNativeImageIndex() ✔
   │  ├─ checkIndex() ✔
   │  └─ checkIndexWithDefaultFor() ✔
   ├─ FileSystemRepositoryTest ✔
   │  ├─ graphAbsentRequirementUsesRequesterVersionAndRetainsItsIdentity() ✔
   │  ├─ testRepo1() ✔
   │  ├─ testRepo2() ✔
   │  ├─ canUseLatestConfigDir() ✔
   │  ├─ forcingToNonExistentDirectoryReturnsEmpty() ✔
   │  ├─ canForceToParticularConfigVersion() ✔
   │  ├─ notForNativeImageIndexCoversArtifactWithoutConfigurationFiles() ✔
   │  ├─ graphPresentRequirementUsesItsDirectVersionAndPolicy() ✔
   │  └─ canDefaultToLatestConfigDir() ✔
   ├─ NativeImageLayerArgumentsTest ✔
   │  ├─ rendersMixedSelectionsDeterministically() ✔
   │  ├─ rendersAllAsAnUnqualifiedCreateAndPlatformPaths() ✔
   │  ├─ copiesInputCollections() ✔
   │  └─ validatesNamesSelectorsAndCombinations() ✔
   ├─ FileSystemModuleToConfigDirectoryIndexTest ✔
   │  ├─ returnsMultipleDirectories() ✔
   │  └─ returnsSingleDirectory() ✔
   ├─ ClassPathEntryAnalyzerTest ✔
   │  ├─ Directory resources should use portable path separators ✔
   │  ├─ A non existent directory shouldn't cause an exception ✔
   │  └─ A non existent jar shouldn't cause an exception ✔
   └─ NativeImageUtilsTest ✔
      ├─ checkGraalVMEEVersion() ✔
      ├─ treatsUnknownGraalVMReleaseAsOlder() ✔
      ├─ checkVersionWithTrailingNewLine() ✔
      ├─ warnsOnlyForGraalVM250LayerConsumption() ✔
      ├─ checkLowerVersion() ✔
      ├─ distinguishesGraalVMReleaseFromJDKVersion() ✔
      ├─ doNotEscapeQuotedRegexp() ✔
      ├─ invalidVersionToCheck() ✔
      ├─ checkOracleGraalVMVersion() ✔
      ├─ recognizesRuntimeReleaseAcrossDistributions() ✔
      ├─ checkGreaterVersion() ✔
      ├─ convertToArgsFileKeepsAbsolutePathWhenOutputAndProjectHaveDifferentRoots() ✔
      ├─ escapeArg() ✔
      ├─ convertToArgsFileUsesRelativePathWhenOutputAndProjectShareRoot() ✔
      ├─ checkGraalVMCEDevVersion() ✔
      ├─ checkGraalVMCEVersion() ✔
      ├─ checkOtherGraalVMVersion() ✔
      └─ invalidRequiredVersion() ✔
Test run finished after 7772 ms
[        17 containers found      ]
[         0 containers skipped    ]
[        17 containers started    ]
[         0 containers aborted    ]
[        17 containers successful ]
[         0 containers failed     ]
[        90 tests found           ]
[         0 tests skipped         ]
[        90 tests started         ]
[         0 tests aborted         ]
[        90 tests successful      ]
[         0 tests failed          ]
+ RPM_EC=0
++ jobs -p
+ exit 0
Processing files: graalvm-native-build-tools-1.1.12-1.fc46.noarch
Executing(%license): /bin/sh -e /var/tmp/rpm-tmp.7upPwe
+ umask 022
+ cd /builddir/build/BUILD/graalvm-native-build-tools-1.1.12-build
+ cd native-build-tools-b043a90d792645869b7fc4dfc60e67fac38347a0
+ LICENSEDIR=/builddir/build/BUILD/graalvm-native-build-tools-1.1.12-build/BUILDROOT/usr/share/licenses/graalvm-native-build-tools
+ export LC_ALL=C.UTF-8
+ LC_ALL=C.UTF-8
+ export LICENSEDIR
+ /usr/bin/mkdir -p /builddir/build/BUILD/graalvm-native-build-tools-1.1.12-build/BUILDROOT/usr/share/licenses/graalvm-native-build-tools
+ cp -pr /builddir/build/BUILD/graalvm-native-build-tools-1.1.12-build/native-build-tools-b043a90d792645869b7fc4dfc60e67fac38347a0/common/utils/LICENSE /builddir/build/BUILD/graalvm-native-build-tools-1.1.12-build/BUILDROOT/usr/share/licenses/graalvm-native-build-tools
+ cp -pr /builddir/build/BUILD/graalvm-native-build-tools-1.1.12-build/native-build-tools-b043a90d792645869b7fc4dfc60e67fac38347a0/common/graalvm-reachability-metadata/LICENSE /builddir/build/BUILD/graalvm-native-build-tools-1.1.12-build/BUILDROOT/usr/share/licenses/graalvm-native-build-tools
+ RPM_EC=0
++ jobs -p
+ exit 0
warning: File listed twice: /usr/share/licenses/graalvm-native-build-tools/LICENSE
Provides: graalvm-native-build-tools = 1.1.12-1.fc46 jpms(org.graalvm.buildtools.utils) jpms(org.graalvm.reachability) mvn(org.graalvm.buildtools:graalvm-reachability-metadata) = 1.1.12 mvn(org.graalvm.buildtools:graalvm-reachability-metadata:pom:) = 1.1.12 mvn(org.graalvm.buildtools:utils) = 1.1.12 mvn(org.graalvm.buildtools:utils:pom:) = 1.1.12
Requires(rpmlib): rpmlib(CompressedFileNames) <= 3.0.4-1 rpmlib(FileDigests) <= 4.6.0-1 rpmlib(PayloadFilesHavePrefix) <= 4.0-1
Requires: javapackages-filesystem mvn(com.github.openjson:openjson)
Checking for unpackaged file(s): /usr/lib/rpm/check-files /builddir/build/BUILD/graalvm-native-build-tools-1.1.12-build/BUILDROOT
Wrote: /builddir/build/RPMS/graalvm-native-build-tools-1.1.12-1.fc46.noarch.rpm
Executing(rmbuild): /bin/sh -e /var/tmp/rpm-tmp.RFEo7R
+ umask 022
+ cd /builddir/build/BUILD/graalvm-native-build-tools-1.1.12-build
+ test -d /builddir/build/BUILD/graalvm-native-build-tools-1.1.12-build
+ /usr/bin/chmod -Rf a+rX,u+w,g-w,o-w /builddir/build/BUILD/graalvm-native-build-tools-1.1.12-build
+ rm -rf /builddir/build/BUILD/graalvm-native-build-tools-1.1.12-build
+ RPM_EC=0
++ jobs -p
+ exit 0
RPM build warnings:
    File listed twice: /usr/share/licenses/graalvm-native-build-tools/LICENSE
Child return code was: 0
