
Welcome to Gradle 9.7.1!

Here are the highlights of this release:
 - Isolated Projects graduates to incubating
 - Broader Configuration Cache compatibility
 - Resilient Sync helps you fix broken builds
 - More source locations in problem reports

For more details see https://docs.gradle.org/9.7.1/release-notes.html

To honour the JVM settings for this build a single-use Daemon process will be forked. For more on this, please refer to https://docs.gradle.org/9.7.1/userguide/gradle_daemon.html#sec:disabling_the_daemon in the Gradle documentation.
Daemon will be stopped at the end of the build 
Isolated Projects is an incubating feature.
Calculating task graph as no cached configuration is available for tasks: help

FAILURE: Build failed with an exception.

* Where:
Build file '/home/w0fv1/gradle-source-probe/gradle-gradle-92f0512/build-logic-settings/architecture-docs/build.gradle.kts' line: 17

* What went wrong:
Plugin [id: 'org.gradle.kotlin.kotlin-dsl', version: '6.7.3'] was not found in any of the following sources:

- Gradle Core Plugins (plugin is not in 'org.gradle' namespace)
- Included Builds (No included builds contain this plugin)
- Plugin Repositories (could not resolve plugin artifact 'org.gradle.kotlin.kotlin-dsl:org.gradle.kotlin.kotlin-dsl.gradle.plugin:6.7.3')
  Searched in the following repositories:
    maven(https://repo.gradle.org/gradle/enterprise-libs-release-candidates)
    Gradle Central Plugin Repository

* Try:
> Run with --stacktrace option to get the stack trace.
> Run with --info or --debug option to get more log output.
> Run with --scan to get full insights from a Build Scan (powered by Develocity).
> Get more help at https://help.gradle.org.

BUILD FAILED in 30s
Configuration cache entry stored.
